{
    "folder_one/one.js": "922befe985baf6fe63a5837db8f35dc8",
    "folder_two/two.js": "13485bf03d4990dd59e847aac204f25b",
    "test.js": "09ff425f6b46f61e5c6429be9e290878",
    "test2.js": "d403aeb8145f1096b8958ba0082e9446"
}